
> singapore-property-hub@1.0.2 build
> next build

  Γû▓ Next.js 14.2.5
  - Environments: .env.local

   Creating an optimized production build ...
 Γ£ô Compiled successfully
   Linting and checking validity of types ...
   Collecting page data ...
   Generating static pages (0/126) ...
≡ƒöì Running comprehensive article formatting fix...

Found 20 published articles to fix


≡ƒô¥ Processing article: "HDB vs Private Property in 2025: A Complete Comparison Guide for Singapore Housing"
   Γä╣∩╕Å  No formatting issues found

≡ƒô¥ Processing article: "Understanding Singapore's Cooling Measures in 2025: Expert Analysis - A Comprehensive Guide"
   Γä╣∩╕Å  No formatting issues found

≡ƒô¥ Processing article: "HDB vs Private Property in 2025: A Complete Comparison Guide for Singapore"
   Γä╣∩╕Å  No formatting issues found

≡ƒô¥ Processing article: "Navigating Singapore's Cooling Measures in 2025: Expert Analysis - A Comprehensive Guide"
   Γä╣∩╕Å  No formatting issues found

≡ƒô¥ Processing article: "HDB vs Private Property: Complete Comparison Guide 2025"
   Γä╣∩╕Å  No formatting issues found

≡ƒô¥ Processing article: "Unlocking the Potential of Singapore's Property Market: Expert Analysis - Weekend Picks and Expert Insights"
   Γä╣∩╕Å  No formatting issues found

≡ƒô¥ Processing article: "Navigating Singapore Property: An Expert Analysis of Saturday Showroom Tours"
   Γä╣∩╕Å  No formatting issues found

≡ƒô¥ Processing article: "Ultimate Guide to Living in District 2: Anson & Tanjong Pagar, Singapore"
   Γä╣∩╕Å  No formatting issues found

≡ƒô¥ Processing article: "Singapore Property Market Trends: Q3 2024 Analysis and Investment Outlook"
   Γä╣∩╕Å  No formatting issues found

≡ƒô¥ Processing article: "Navigating Singapore's Property Market: Expert Analysis - A Guide to Independence Planning"
   Γä╣∩╕Å  No formatting issues found

≡ƒô¥ Processing article: "Singapore's Property Market Poised for Continued Growth Amid Evolving Regulatory Landscape"
   Γä╣∩╕Å  No formatting issues found

≡ƒô¥ Processing article: "Weekend Property Picks in Singapore: Expert Analysis - A 2025 Market Insight"
   Γä╣∩╕Å  No formatting issues found

≡ƒô¥ Processing article: "Bloomsbury Residences Review: A Detailed Look at the 2025 New Launch in Singapore"
   Γä╣∩╕Å  No formatting issues found

≡ƒô¥ Processing article: "Singapore Property Market Resilience: Expert Analysis - Navigating Evolving Trends and Opportunities"
   Γä╣∩╕Å  No formatting issues found

≡ƒô¥ Processing article: "Navigating Singapore's Evolving Family Home Market: An Insider's Analysis"
   Γä╣∩╕Å  No formatting issues found

≡ƒô¥ Processing article: "Ultimate Guide to Living in District 12: Balestier, Toa Payoh, Serangoon"
   Γä╣∩╕Å  No formatting issues found

≡ƒô¥ Processing article: "Singapore Property Market Q2 2025: Moderation Signals Sustainable Growth Path"
   Γä╣∩╕Å  No formatting issues found

≡ƒô¥ Processing article: "Navigating the Waves of Singapore's Property Market: An Expert Analysis"
   Γä╣∩╕Å  No formatting issues found

≡ƒô¥ Processing article: "Navigating the Singapore Property Market: A National Day 2025 Special"
   Γä╣∩╕Å  No formatting issues found

≡ƒô¥ Processing article: "Celebrating National Day: Insights into Singapore's Property Market in 2025"
   Γä╣∩╕Å  No formatting issues found
≡ƒÜ¿ Running EMERGENCY article formatting fix...

Checking database schema...
Starting image fix for all articles...
≡ƒöì Analyzing article formatting issues...

Found 20 published articles to analyze

≡ƒöì Fixing header-text merge issues...

Found 20 published articles to analyze

Analyzing and fixing content-inappropriate images...
Found 20 articles to update
Updating image for: Singapore's Property Market Poised for Continued Growth Amid Evolving Regulatory Landscape
Found 20 published articles to fix


≡ƒô¥ Processing article: "HDB vs Private Property in 2025: A Complete Comparison Guide for Singapore Housing"
   Γä╣∩╕Å  No emergency fixes needed

≡ƒô¥ Processing article: "Understanding Singapore's Cooling Measures in 2025: Expert Analysis - A Comprehensive Guide"
   Γä╣∩╕Å  No emergency fixes needed

≡ƒô¥ Processing article: "HDB vs Private Property in 2025: A Complete Comparison Guide for Singapore"
   Γä╣∩╕Å  No emergency fixes needed

≡ƒô¥ Processing article: "Navigating Singapore's Cooling Measures in 2025: Expert Analysis - A Comprehensive Guide"
   Γä╣∩╕Å  No emergency fixes needed

≡ƒô¥ Processing article: "HDB vs Private Property: Complete Comparison Guide 2025"
   Γä╣∩╕Å  No emergency fixes needed

≡ƒô¥ Processing article: "Unlocking the Potential of Singapore's Property Market: Expert Analysis - Weekend Picks and Expert Insights"
   Γä╣∩╕Å  No emergency fixes needed

≡ƒô¥ Processing article: "Navigating Singapore Property: An Expert Analysis of Saturday Showroom Tours"
   Γä╣∩╕Å  No emergency fixes needed

≡ƒô¥ Processing article: "Ultimate Guide to Living in District 2: Anson & Tanjong Pagar, Singapore"
   Γä╣∩╕Å  No emergency fixes needed

≡ƒô¥ Processing article: "Singapore Property Market Trends: Q3 2024 Analysis and Investment Outlook"
   Γä╣∩╕Å  No emergency fixes needed

≡ƒô¥ Processing article: "Navigating Singapore's Property Market: Expert Analysis - A Guide to Independence Planning"
   Γä╣∩╕Å  No emergency fixes needed

≡ƒô¥ Processing article: "Singapore's Property Market Poised for Continued Growth Amid Evolving Regulatory Landscape"
   Γä╣∩╕Å  No emergency fixes needed

≡ƒô¥ Processing article: "Weekend Property Picks in Singapore: Expert Analysis - A 2025 Market Insight"
   Γä╣∩╕Å  No emergency fixes needed

≡ƒô¥ Processing article: "Bloomsbury Residences Review: A Detailed Look at the 2025 New Launch in Singapore"
   Γä╣∩╕Å  No emergency fixes needed

≡ƒô¥ Processing article: "Singapore Property Market Resilience: Expert Analysis - Navigating Evolving Trends and Opportunities"
   Γä╣∩╕Å  No emergency fixes needed

≡ƒô¥ Processing article: "Navigating Singapore's Evolving Family Home Market: An Insider's Analysis"
   Γä╣∩╕Å  No emergency fixes needed

≡ƒô¥ Processing article: "Ultimate Guide to Living in District 12: Balestier, Toa Payoh, Serangoon"
   Γä╣∩╕Å  No emergency fixes needed

≡ƒô¥ Processing article: "Singapore Property Market Q2 2025: Moderation Signals Sustainable Growth Path"
   Γä╣∩╕Å  No emergency fixes needed

≡ƒô¥ Processing article: "Navigating the Waves of Singapore's Property Market: An Expert Analysis"
   Γä╣∩╕Å  No emergency fixes needed

≡ƒô¥ Processing article: "Navigating the Singapore Property Market: A National Day 2025 Special"
   Γä╣∩╕Å  No emergency fixes needed

≡ƒô¥ Processing article: "Celebrating National Day: Insights into Singapore's Property Market in 2025"
   Γä╣∩╕Å  No emergency fixes needed
   Generating static pages (31/126) 
Γ£à Updated image for: Singapore's Property Market Poised for Continued Growth Amid Evolving Regulatory Landscape
Fixing specific problematic articles...
≡ƒöì Testing database connection...
Γ£à Database connection successful
Γ£à Fixed: Celebrating National Day: Insights into Singapore's Property Market in 2025
Fixing articles with conclusion endings...
Γ£à Fixed: Navigating the Singapore Property Market: A National Day 2025 Special
≡ƒôè Found 20 published articles in database
LinkedIn access token not configured
Updating image for: Singapore Property Market Resilience: Expert Analysis - Navigating Evolving Trends and Opportunities
Γ£à Fixed: Ultimate Guide to Living in District 12: Balestier, Toa Payoh, Serangoon
≡ƒû╝∩╕Å Image validation results: {
  total: 20,
  withImages: 20,
  withoutImages: 0,
  singaporeSpecific: 2,
  generic: 18
}
≡ƒÅÑ System health check completed: {
  status: 'healthy',
  timestamp: '2025-09-17T14:30:40.114Z',
  database: { connected: true, error: null },
  content: { articleCount: 20, hasContent: true },
  images: {
    total: 20,
    withImages: 20,
    withoutImages: 0,
    singaporeSpecific: 2,
    generic: 18
  }
}
Γ£à Updated image for: Singapore Property Market Resilience: Expert Analysis - Navigating Evolving Trends and Opportunities
Γ£à Fixed: Ultimate Guide to Living in District 2: Anson & Tanjong Pagar, Singapore
≡ƒº¬ Testing Singapore Property Image Finder Agent with DALL-E 3

≡ƒÄ¿ Testing: Ultimate Guide to Living in District 12: Balestier, Toa Payoh, Serangoon
≡ƒç╕≡ƒç¼ Singapore Property Image Finder Agent: Ultimate Guide to Living in District 12: Balestier, Toa Payoh, Serangoon
   Result: Γ£à
   Generated: No
   Cost: $0

≡ƒÄ¿ Testing: Celebrating National Day: Insights into Singapore's Property Market in 2025
≡ƒç╕≡ƒç¼ Singapore Property Image Finder Agent: Celebrating National Day: Insights into Singapore's Property Market in 2025
   Result: Γ£à
   Generated: No
   Cost: $0

≡ƒÄ¿ Testing: Grand Dunman Comprehensive Review 2025
≡ƒç╕≡ƒç¼ Singapore Property Image Finder Agent: Grand Dunman Comprehensive Review 2025
   Result: Γ£à
   Generated: No
   Cost: $0
Γ£à Fixed: Navigating Singapore's Property Market: Expert Analysis - A Guide to Independence Planning
Γ£à Fixed: HDB vs Private Property in 2025: A Complete Comparison Guide for Singapore
Testing market updates API...
   Generating static pages (62/126) 
Updating image for: Singapore Property Market Q2 2025: Moderation Signals Sustainable Growth Path
Starting comprehensive article image update...
Γ£à Fixed: HDB vs Private Property in 2025: A Complete Comparison Guide for Singapore Housing
Found 3 articles for market updates
Updating district discovery article with proper district content...
Γ£à Updated image for: Singapore Property Market Q2 2025: Moderation Signals Sustainable Growth Path
Updating images for 20 articles...
Processing: Singapore's Property Market Poised for Continued Growth Amid Evolving Regulatory Landscape
≡ƒç╕≡ƒç¼ Singapore Property Image Finder Agent: Singapore's Property Market Poised for Continued Growth Amid Evolving Regulatory Landscape
Γ£à Fixed: Bloomsbury Residences Review: A Detailed Look at the 2025 New Launch in Singapore
Γ£à Fixed: HDB vs Private Property: Complete Comparison Guide 2025
Γ£à Updated: Singapore's Property Market Poised for Continued Growth Amid Evolving Regulatory Landscape -> district
Processing: Singapore Property Market Resilience: Expert Analysis - Navigating Evolving Trends and Opportunities
≡ƒç╕≡ƒç¼ Singapore Property Image Finder Agent: Singapore Property Market Resilience: Expert Analysis - Navigating Evolving Trends and Opportunities
Updating image for: Navigating Singapore's Evolving Family Home Market: An Insider's Analysis
Γ£à Updated image for: Navigating Singapore's Evolving Family Home Market: An Insider's Analysis
Γ£à Updated: Singapore Property Market Resilience: Expert Analysis - Navigating Evolving Trends and Opportunities -> district
Processing: Singapore Property Market Q2 2025: Moderation Signals Sustainable Growth Path
≡ƒç╕≡ƒç¼ Singapore Property Image Finder Agent: Singapore Property Market Q2 2025: Moderation Signals Sustainable Growth Path
Γ£à Updated: Singapore Property Market Q2 2025: Moderation Signals Sustainable Growth Path -> district
Processing: Navigating Singapore's Evolving Family Home Market: An Insider's Analysis
≡ƒç╕≡ƒç¼ Singapore Property Image Finder Agent: Navigating Singapore's Evolving Family Home Market: An Insider's Analysis
Γ£à Updated: Navigating Singapore's Evolving Family Home Market: An Insider's Analysis -> skyline
Processing: Navigating Singapore Property: An Expert Analysis of Saturday Showroom Tours
≡ƒç╕≡ƒç¼ Singapore Property Image Finder Agent: Navigating Singapore Property: An Expert Analysis of Saturday Showroom Tours
Γ£à Updated: Navigating Singapore Property: An Expert Analysis of Saturday Showroom Tours -> skyline
Processing: Navigating the Waves of Singapore's Property Market: An Expert Analysis
≡ƒç╕≡ƒç¼ Singapore Property Image Finder Agent: Navigating the Waves of Singapore's Property Market: An Expert Analysis
Updating image for: Navigating Singapore Property: An Expert Analysis of Saturday Showroom Tours
Γ£à Updated image for: Navigating Singapore Property: An Expert Analysis of Saturday Showroom Tours
Γ£à Updated: Navigating the Waves of Singapore's Property Market: An Expert Analysis -> skyline
Processing: Celebrating National Day: Insights into Singapore's Property Market in 2025
≡ƒç╕≡ƒç¼ Singapore Property Image Finder Agent: Celebrating National Day: Insights into Singapore's Property Market in 2025
Γ£à Updated: Celebrating National Day: Insights into Singapore's Property Market in 2025 -> skyline
Processing: Navigating the Singapore Property Market: A National Day 2025 Special
≡ƒç╕≡ƒç¼ Singapore Property Image Finder Agent: Navigating the Singapore Property Market: A National Day 2025 Special
   Generating static pages (94/126) 
node.exe : Email test error: Error: connect ECONNREFUSED 127.0.0.1:587
At C:\Program Files\nodejs\npm.ps1:29 char:3
+   & $NODE_EXE $NPM_CLI_JS $args
+   ~~~~~~~~~~~~~~~~~~~~~~~~~~~~~
    + CategoryInfo          : NotSpecified: (Email test erro...D 127.0.0.1:587:String) [], RemoteException
    + FullyQualifiedErrorId : NativeCommandError
 
    at TCPConnectWrap.afterConnect [as oncomplete] (node:net:1637:16)
    at TCPConnectWrap.callbackTrampoline (node:internal/async_hooks:130:17) {
  errno: -4078,
  code: 'ESOCKET',
  syscall: 'connect',
  address: '127.0.0.1',
  port: 587,
  command: 'CONN'
}
≡ƒöì Testing database connection...
≡ƒöì Testing database connection...
Γ£à Database connection successful
Γ£à Database connection successful
≡ƒôè Found 20 published articles in database
≡ƒôè Found 20 published articles in database
Γ£à Updated: Navigating the Singapore Property Market: A National Day 2025 Special -> skyline
Processing: Ultimate Guide to Living in District 12: Balestier, Toa Payoh, Serangoon
≡ƒç╕≡ƒç¼ Singapore Property Image Finder Agent: Ultimate Guide to Living in District 12: Balestier, Toa Payoh, Serangoon
Γ£à Updated: Ultimate Guide to Living in District 12: Balestier, Toa Payoh, Serangoon -> district
Processing: Ultimate Guide to Living in District 2: Anson & Tanjong Pagar, Singapore
≡ƒç╕≡ƒç¼ Singapore Property Image Finder Agent: Ultimate Guide to Living in District 2: Anson & Tanjong Pagar, Singapore
Γ£à Updated: Ultimate Guide to Living in District 2: Anson & Tanjong Pagar, Singapore -> district
Processing: Navigating Singapore's Property Market: Expert Analysis - A Guide to Independence Planning
≡ƒç╕≡ƒç¼ Singapore Property Image Finder Agent: Navigating Singapore's Property Market: Expert Analysis - A Guide to Independence Planning
Γ£à Updated: Navigating Singapore's Property Market: Expert Analysis - A Guide to Independence Planning -> skyline
Processing: Weekend Property Picks in Singapore: Expert Analysis - A 2025 Market Insight
≡ƒç╕≡ƒç¼ Singapore Property Image Finder Agent: Weekend Property Picks in Singapore: Expert Analysis - A 2025 Market Insight
Updating image for: Navigating the Waves of Singapore's Property Market: An Expert Analysis
Γ£à Updated image for: Navigating the Waves of Singapore's Property Market: An Expert Analysis
Γ£à Updated: Weekend Property Picks in Singapore: Expert Analysis - A 2025 Market Insight -> skyline
Processing: Unlocking the Potential of Singapore's Property Market: Expert Analysis - Weekend Picks and Expert Insights
≡ƒç╕≡ƒç¼ Singapore Property Image Finder Agent: Unlocking the Potential of Singapore's Property Market: Expert Analysis - Weekend Picks and Expert Insights
Γ£à Updated: Unlocking the Potential of Singapore's Property Market: Expert Analysis - Weekend Picks and Expert Insights -> skyline
Processing: HDB vs Private Property in 2025: A Complete Comparison Guide for Singapore
≡ƒç╕≡ƒç¼ Singapore Property Image Finder Agent: HDB vs Private Property in 2025: A Complete Comparison Guide for Singapore
≡ƒû╝∩╕Å Image validation results: {
  total: 20,
  withImages: 20,
  withoutImages: 0,
  singaporeSpecific: 0,
  generic: 20
}
≡ƒÅÑ System health check completed: {
  status: 'healthy',
  timestamp: '2025-09-17T14:30:40.794Z',
  database: { connected: true, error: null },
  content: { articleCount: 20, hasContent: true },
  images: {
    total: 20,
    withImages: 20,
    withoutImages: 0,
    singaporeSpecific: 0,
    generic: 20
  }
}
≡ƒû╝∩╕Å Image validation results: {
  total: 20,
  withImages: 20,
  withoutImages: 0,
  singaporeSpecific: 0,
  generic: 20
}
≡ƒÅÑ System health check completed: {
  status: 'healthy',
  timestamp: '2025-09-17T14:30:40.831Z',
  database: { connected: true, error: null },
  content: { articleCount: 20, hasContent: true },
  images: {
    total: 20,
    withImages: 20,
    withoutImages: 0,
    singaporeSpecific: 0,
    generic: 20
  }
}
Updating image for: Celebrating National Day: Insights into Singapore's Property Market in 2025
Γ£à Updated image for: Celebrating National Day: Insights into Singapore's Property Market in 2025
Γ£à Updated: HDB vs Private Property in 2025: A Complete Comparison Guide for Singapore -> conceptual
Processing: Navigating Singapore's Cooling Measures in 2025: Expert Analysis - A Comprehensive Guide
≡ƒç╕≡ƒç¼ Singapore Property Image Finder Agent: Navigating Singapore's Cooling Measures in 2025: Expert Analysis - A Comprehensive Guide
Γ£à Updated: Navigating Singapore's Cooling Measures in 2025: Expert Analysis - A Comprehensive Guide -> skyline
Processing: HDB vs Private Property in 2025: A Complete Comparison Guide for Singapore Housing
≡ƒç╕≡ƒç¼ Singapore Property Image Finder Agent: HDB vs Private Property in 2025: A Complete Comparison Guide for Singapore Housing
Updating image for: Navigating the Singapore Property Market: A National Day 2025 Special
Γ£à Updated image for: Navigating the Singapore Property Market: A National Day 2025 Special
Γ£à Updated: HDB vs Private Property in 2025: A Complete Comparison Guide for Singapore Housing -> conceptual
Processing: Understanding Singapore's Cooling Measures in 2025: Expert Analysis - A Comprehensive Guide
≡ƒç╕≡ƒç¼ Singapore Property Image Finder Agent: Understanding Singapore's Cooling Measures in 2025: Expert Analysis - A Comprehensive Guide
Γ£à Updated: Understanding Singapore's Cooling Measures in 2025: Expert Analysis - A Comprehensive Guide -> skyline
Processing: Bloomsbury Residences Review: A Detailed Look at the 2025 New Launch in Singapore
≡ƒç╕≡ƒç¼ Singapore Property Image Finder Agent: Bloomsbury Residences Review: A Detailed Look at the 2025 New Launch in Singapore
Γ£à Updated: Bloomsbury Residences Review: A Detailed Look at the 2025 New Launch in Singapore -> property-specific
Processing: HDB vs Private Property: Complete Comparison Guide 2025
≡ƒç╕≡ƒç¼ Singapore Property Image Finder Agent: HDB vs Private Property: Complete Comparison Guide 2025
Γ£à Updated: HDB vs Private Property: Complete Comparison Guide 2025 -> conceptual
Processing: Singapore Property Market Trends: Q3 2024 Analysis and Investment Outlook
≡ƒç╕≡ƒç¼ Singapore Property Image Finder Agent: Singapore Property Market Trends: Q3 2024 Analysis and Investment Outlook
Updating image for: Ultimate Guide to Living in District 12: Balestier, Toa Payoh, Serangoon
Γ£à Updated: Singapore Property Market Trends: Q3 2024 Analysis and Investment Outlook -> district
Γ£à Updated image for: Ultimate Guide to Living in District 12: Balestier, Toa Payoh, Serangoon
Updating image for: Ultimate Guide to Living in District 2: Anson & Tanjong Pagar, Singapore
Γ£à Updated image for: Ultimate Guide to Living in District 2: Anson & Tanjong Pagar, Singapore
Updating image for: Navigating Singapore's Property Market: Expert Analysis - A Guide to Independence Planning
Γ£à Updated image for: Navigating Singapore's Property Market: Expert Analysis - A Guide to Independence Planning
Updating image for: Weekend Property Picks in Singapore: Expert Analysis - A 2025 Market Insight
Γ£à Updated image for: Weekend Property Picks in Singapore: Expert Analysis - A 2025 Market Insight
Updating image for: Unlocking the Potential of Singapore's Property Market: Expert Analysis - Weekend Picks and Expert Insights
Γ£à Updated image for: Unlocking the Potential of Singapore's Property Market: Expert Analysis - Weekend Picks and Expert Insights
Updating image for: HDB vs Private Property in 2025: A Complete Comparison Guide for Singapore
Γ£à Updated image for: HDB vs Private Property in 2025: A Complete Comparison Guide for Singapore
Updating image for: Navigating Singapore's Cooling Measures in 2025: Expert Analysis - A Comprehensive Guide
Γ£à Updated image for: Navigating Singapore's Cooling Measures in 2025: Expert Analysis - A Comprehensive Guide
Updating image for: HDB vs Private Property in 2025: A Complete Comparison Guide for Singapore Housing
Γ£à Updated image for: HDB vs Private Property in 2025: A Complete Comparison Guide for Singapore Housing
Updating image for: Understanding Singapore's Cooling Measures in 2025: Expert Analysis - A Comprehensive Guide
Γ£à Updated image for: Understanding Singapore's Cooling Measures in 2025: Expert Analysis - A Comprehensive Guide
Updating image for: Bloomsbury Residences Review: A Detailed Look at the 2025 New Launch in Singapore
Γ£à Updated image for: Bloomsbury Residences Review: A Detailed Look at the 2025 New Launch in Singapore
Updating image for: HDB vs Private Property: Complete Comparison Guide 2025
Γ£à Updated image for: HDB vs Private Property: Complete Comparison Guide 2025
Updating image for: Singapore Property Market Trends: Q3 2024 Analysis and Investment Outlook
Γ£à Updated image for: Singapore Property Market Trends: Q3 2024 Analysis and Investment Outlook
 Γ£ô Generating static pages (126/126)
   Finalizing page optimization ...
   Collecting build traces ...

Route (app)                                           Size     First Load JS
Γöî Γùï /                                                 194 B          99.2 kB
Γö£ Γùï /_not-found                                       173 B          87.3 kB
Γö£ Γùï /about                                            193 B          94.1 kB
Γö£ Γùï /admin                                            3.24 kB        90.4 kB
Γö£ Γùï /admin/ab-testing                                 2.92 kB         106 kB
Γö£ Γùï /admin/content-calendar                           3.71 kB        90.8 kB
Γö£ Γùï /admin/emails                                     2.24 kB         105 kB
Γö£ Γùï /admin/health                                     173 B          87.3 kB
Γö£ Γùï /admin/linkedin                                   2.62 kB        96.5 kB
Γö£ Γùï /admin/login                                      1.69 kB        88.8 kB
Γö£ Γùï /admin/property-scoring                           3.33 kB        90.5 kB
Γö£ ╞Æ /api/admin/auth                                   0 B                0 B
Γö£ Γùï /api/admin/check-schema                           0 B                0 B
Γö£ ╞Æ /api/admin/cleanup                                0 B                0 B
Γö£ ╞Æ /api/admin/clear-rate-limit                       0 B                0 B
Γö£ ╞Æ /api/admin/leads                                  0 B                0 B
Γö£ ╞Æ /api/admin/leads/export                           0 B                0 B
Γö£ ╞Æ /api/admin/migrate-schema                         0 B                0 B
Γö£ ╞Æ /api/articles                                     0 B                0 B
Γö£ ╞Æ /api/articles/update                              0 B                0 B
Γö£ ╞Æ /api/autoresponders/process                       0 B                0 B
Γö£ Γùï /api/check-article-alignment                      0 B                0 B
Γö£ Γùï /api/check-env                                    0 B                0 B
Γö£ Γùï /api/check-recent-leads                           0 B                0 B
Γö£ Γùï /api/comprehensive-article-fix                    0 B                0 B
Γö£ ╞Æ /api/content/create-article                       0 B                0 B
Γö£ ╞Æ /api/content/generate                             0 B                0 B
Γö£ ╞Æ /api/content/generate-simple                      0 B                0 B
Γö£ ╞Æ /api/cron/daily-content                           0 B                0 B
Γö£ ╞Æ /api/direct-database-fix                          0 B                0 B
Γö£ ╞Æ /api/emails/send                                  0 B                0 B
Γö£ ╞Æ /api/emails/unsubscribe                           0 B                0 B
Γö£ Γùï /api/emergency-article-fix                        0 B                0 B
Γö£ ╞Æ /api/emergency-image-fix                          0 B                0 B
Γö£ ╞Æ /api/fix-all-article-images-comprehensive         0 B                0 B
Γö£ Γùï /api/fix-article-formatting                       0 B                0 B
Γö£ ╞Æ /api/fix-article-image                            0 B                0 B
Γö£ Γùï /api/fix-article-images                           0 B                0 B
Γö£ Γùï /api/fix-conclusion-articles                      0 B                0 B
Γö£ Γùï /api/fix-content-images                           0 B                0 B
Γö£ ╞Æ /api/fix-critical-formatting                      0 B                0 B
Γö£ ╞Æ /api/fix-district-articles                        0 B                0 B
Γö£ Γùï /api/fix-header-text-merge                        0 B                0 B
Γö£ ╞Æ /api/fix-image-duplication                        0 B                0 B
Γö£ ╞Æ /api/fix-images                                   0 B                0 B
Γö£ ╞Æ /api/fix-images-agent-compliant                   0 B                0 B
Γö£ ╞Æ /api/fix-misleading-articles                      0 B                0 B
Γö£ ╞Æ /api/fix-specific-article                         0 B                0 B
Γö£ ╞Æ /api/fix-specific-article-images                  0 B                0 B
Γö£ Γùï /api/fix-specific-articles                        0 B                0 B
Γö£ ╞Æ /api/force-image-refresh                          0 B                0 B
Γö£ ╞Æ /api/force-unique-images                          0 B                0 B
Γö£ ╞Æ /api/generate-singapore-images                    0 B                0 B
Γö£ ╞Æ /api/gmail-test                                   0 B                0 B
Γö£ Γùï /api/health                                       0 B                0 B
Γö£ ╞Æ /api/health/images                                0 B                0 B
Γö£ Γùï /api/images/fix                                   0 B                0 B
Γö£ ╞Æ /api/inspect-articles                             0 B                0 B
Γö£ ╞Æ /api/leads                                        0 B                0 B
Γö£ ╞Æ /api/leads-debug                                  0 B                0 B
Γö£ ╞Æ /api/leads-simple                                 0 B                0 B
Γö£ ╞Æ /api/linkedin/auth                                0 B                0 B
Γö£ ╞Æ /api/linkedin/callback                            0 B                0 B
Γö£ ╞Æ /api/linkedin/get-person-id                       0 B                0 B
Γö£ ╞Æ /api/linkedin/post-all                            0 B                0 B
Γö£ ╞Æ /api/linkedin/post-article                        0 B                0 B
Γö£ ╞Æ /api/linkedin/test-connection                     0 B                0 B
Γö£ ╞Æ /api/manage-domains                               0 B                0 B
Γö£ ╞Æ /api/monitoring/alert                             0 B                0 B
Γö£ ╞Æ /api/property-analysis                            0 B                0 B
Γö£ Γùï /api/quick-email-test                             0 B                0 B
Γö£ ╞Æ /api/rewrite-all-articles                         0 B                0 B
Γö£ ╞Æ /api/sanitize-articles                            0 B                0 B
Γö£ Γùï /api/test-article-check                           0 B                0 B
Γö£ ╞Æ /api/test-article-rewrite                         0 B                0 B
Γö£ ╞Æ /api/test-cron-auth                               0 B                0 B
Γö£ Γùï /api/test-dalle-generation                        0 B                0 B
Γö£ Γùï /api/test-db                                      0 B                0 B
Γö£ ╞Æ /api/test-domain-automation                       0 B                0 B
Γö£ ╞Æ /api/test-email                                   0 B                0 B
Γö£ Γùï /api/test-email-config                            0 B                0 B
Γö£ ╞Æ /api/test-email-send                              0 B                0 B
Γö£ ╞Æ /api/test-enhanced-content                        0 B                0 B
Γö£ ╞Æ /api/test-image-finder                            0 B                0 B
Γö£ Γùï /api/test-image-pools                             0 B                0 B
Γö£ Γùï /api/test-lead                                    0 B                0 B
Γö£ Γùï /api/test-market-updates                          0 B                0 B
Γö£ ╞Æ /api/test-multi-agent                             0 B                0 B
Γö£ Γùï /api/test-prisma-runtime                          0 B                0 B
Γö£ ╞Æ /api/test-property-scorer                         0 B                0 B
Γö£ ╞Æ /api/test-reliable-images                         0 B                0 B
Γö£ ╞Æ /api/test-verified-content                        0 B                0 B
Γö£ ╞Æ /api/test-web-fact-checker                        0 B                0 B
Γö£ Γùï /api/update-all-article-images                    0 B                0 B
Γö£ ╞Æ /api/update-article-content                       0 B                0 B
Γö£ ╞Æ /api/update-article-image                         0 B                0 B
Γö£ ╞Æ /api/update-database-images                       0 B                0 B
Γö£ Γùï /api/update-district-article                      0 B                0 B
Γö£ ╞Æ /api/update-singapore-images                      0 B                0 B
Γö£ ╞Æ /api/update-specific-article                      0 B                0 B
Γö£ Γùï /articles                                         194 B          99.2 kB
Γö£ ╞Æ /articles/[slug]                                  2.16 kB        89.3 kB
Γö£ Γùï /articles/singapore-property-market-outlook-2024  193 B            98 kB
Γö£ Γùï /articles/test-static                             173 B          87.3 kB
Γö£ Γùï /articles/world-class-example                     17.3 kB         104 kB
Γö£ Γùï /condos                                           6.05 kB         105 kB
Γö£ ╞Æ /condos/[slug]/review-2025                        8.56 kB         102 kB
Γö£ Γùï /contact                                          174 B          91.2 kB
Γö£ Γùï /debug-article                                    173 B          87.3 kB
Γö£ Γùï /debug-article-2                                  173 B          87.3 kB
Γö£ Γùï /design-system                                    4.23 kB         105 kB
Γö£ Γùï /minimal-article                                  173 B          87.3 kB
Γö£ Γùï /new-launches                                     3.99 kB        97.9 kB
Γö£ Γùï /news                                             194 B          99.2 kB
Γö£ Γùï /privacy                                          193 B          94.1 kB
Γö£ ╞Æ /projects/[id]                                    8.43 kB         102 kB
Γö£ Γùï /properties                                       193 B          94.1 kB
Γö£ ╞Æ /properties/[id]                                  193 B            98 kB
Γö£ Γùï /robots.txt                                       0 B                0 B
Γö£ Γùï /sitemap.xml                                      0 B                0 B
Γö£ Γùï /terms                                            193 B          94.1 kB
Γö£ Γùï /test-article                                     173 B          87.3 kB
Γö£ Γùï /test-article-final                               173 B          87.3 kB
Γö£ Γùï /test-article-simple                              173 B          87.3 kB
Γö£ Γùï /test-mobile                                      1.89 kB          89 kB
Γö£ Γùï /test-validation                                  4.23 kB         107 kB
Γö£ Γùï /tools                                            193 B          94.1 kB
Γöö Γùï /unsubscribe                                      1.7 kB          104 kB
+ First Load JS shared by all                         87.1 kB
  Γö£ chunks/7023-b60d58de6496c944.js                   31.5 kB
  Γö£ chunks/fd9d1056-bba4fa36364a9c22.js               53.6 kB
  Γöö other shared chunks (total)                       1.97 kB


Γùï  (Static)   prerendered as static content
╞Æ  (Dynamic)  server-rendered on demand

